**********************
Windows PowerShell transcript start
Start time: 20240404144328
Username: VULNAD\ARiaz
RunAs User: VULNAD\ARiaz
Configuration Name: 
Machine: WIN10-PC (Microsoft Windows NT 10.0.19045.0)
Host Application: C:\Windows\System32\WindowsPowerShell\v1.0\powershell.exe
Process ID: 2560
PSVersion: 5.1.19041.4170
PSEdition: Desktop
PSCompatibleVersions: 1.0, 2.0, 3.0, 4.0, 5.0, 5.1.19041.4170
BuildVersion: 10.0.19041.4170
CLRVersion: 4.0.30319.42000
WSManStackVersion: 3.0
PSRemotingProtocolVersion: 2.3
SerializationVersion: 1.1.0.1
**********************
Transcript started, output file is C:\Users\dadmin\Documents\PowerShell_transcript.WIN10-PC.vHwv3lF9.20240404144328.txt
PS C:\Windows\system32> systeminfo

Host Name:                 WIN10-PC
OS Name:                   Microsoft Windows 10 Pro
OS Version:                10.0.19045 N/A Build 19045
OS Manufacturer:           Microsoft Corporation
OS Configuration:          Member Workstation
OS Build Type:             Multiprocessor Free
Registered Owner:          win10-host
Registered Organization:
Product ID:                00330-80000-00000-AA842
Original Install Date:     26/02/2024, 16:29:26
System Boot Time:          04/04/2024, 10:51:52
System Manufacturer:       innotek GmbH
System Model:              VirtualBox
System Type:               x64-based PC
Processor(s):              1 Processor(s) Installed.
                           [01]: Intel64 Family 6 Model 142 Stepping 12 GenuineIntel ~2112 Mhz
BIOS Version:              innotek GmbH VirtualBox, 01/12/2006
Windows Directory:         C:\Windows
System Directory:          C:\Windows\system32
Boot Device:               \Device\HarddiskVolume1
System Locale:             en-gb;English (United Kingdom)
Input Locale:              en-gb;English (United Kingdom)
Time Zone:                 (UTC+00:00) Dublin, Edinburgh, Lisbon, London
Total Physical Memory:     2,200 MB
Available Physical Memory: 448 MB
Virtual Memory: Max Size:  3,784 MB
Virtual Memory: Available: 588 MB
Virtual Memory: In Use:    3,196 MB
Page File Location(s):     C:\pagefile.sys
Domain:                    vulnAD.lab
Logon Server:              \\DC1
Hotfix(s):                 8 Hotfix(s) Installed.
                           [01]: KB5034466
                           [02]: KB5034468
                           [03]: KB5011048
                           [04]: KB5015684
                           [05]: KB5035845
                           [06]: KB5014032
                           [07]: KB5032907
                           [08]: KB5036447
Network Card(s):           2 NIC(s) Installed.
                           [01]: Intel(R) PRO/1000 MT Desktop Adapter
                                 Connection Name: Int
                                 DHCP Enabled:    No
                                 IP address(es)
                                 [01]: 192.168.56.10
                                 [02]: fe80::c2c2:22f9:a8b6:ff1c
                           [02]: Intel(R) PRO/1000 MT Desktop Adapter
                                 Connection Name: NAT
                                 DHCP Enabled:    Yes
                                 DHCP Server:     10.0.3.2
                                 IP address(es)
                                 [01]: 10.0.3.15
                                 [02]: fe80::96f0:9389:60c7:acb
Hyper-V Requirements:      A hypervisor has been detected. Features required for Hyper-V will not be displayed.
PS C:\Windows\system32> whoami /priv

PRIVILEGES INFORMATION
----------------------

Privilege Name                            Description                                                        State
========================================= ================================================================== ========
SeIncreaseQuotaPrivilege                  Adjust memory quotas for a process                                 Disabled
SeSecurityPrivilege                       Manage auditing and security log                                   Disabled
SeTakeOwnershipPrivilege                  Take ownership of files or other objects                           Disabled
SeLoadDriverPrivilege                     Load and unload device drivers                                     Disabled
SeSystemProfilePrivilege                  Profile system performance                                         Disabled
SeSystemtimePrivilege                     Change the system time                                             Disabled
SeProfileSingleProcessPrivilege           Profile single process                                             Disabled
SeIncreaseBasePriorityPrivilege           Increase scheduling priority                                       Disabled
SeCreatePagefilePrivilege                 Create a pagefile                                                  Disabled
SeBackupPrivilege                         Back up files and directories                                      Disabled
SeRestorePrivilege                        Restore files and directories                                      Disabled
SeShutdownPrivilege                       Shut down the system                                               Disabled
SeDebugPrivilege                          Debug programs                                                     Enabled
SeSystemEnvironmentPrivilege              Modify firmware environment values                                 Disabled
SeChangeNotifyPrivilege                   Bypass traverse checking                                           Enabled
SeRemoteShutdownPrivilege                 Force shutdown from a remote system                                Disabled
SeUndockPrivilege                         Remove computer from docking station                               Disabled
SeManageVolumePrivilege                   Perform volume maintenance tasks                                   Disabled
SeImpersonatePrivilege                    Impersonate a client after authentication                          Enabled
SeCreateGlobalPrivilege                   Create global objects                                              Enabled
SeIncreaseWorkingSetPrivilege             Increase a process working set                                     Disabled
SeTimeZonePrivilege                       Change the time zone                                               Disabled
SeCreateSymbolicLinkPrivilege             Create symbolic links                                              Disabled
SeDelegateSessionUserImpersonatePrivilege Obtain an impersonation token for another user in the same session Disabled
PS C:\Windows\system32> net user

User accounts for \\WIN10-PC

-------------------------------------------------------------------------------
Administrator            DefaultAccount           Guest
WDAGUtilityAccount       win10-host
The command completed successfully.
PS C:\Windows\system32> ipconfig /all

Windows IP Configuration

   Host Name . . . . . . . . . . . . : WIN10-PC
   Primary Dns Suffix  . . . . . . . : vulnAD.lab
   Node Type . . . . . . . . . . . . : Hybrid
   IP Routing Enabled. . . . . . . . : No
   WINS Proxy Enabled. . . . . . . . : No
   DNS Suffix Search List. . . . . . : vulnAD.lab

Ethernet adapter Int:

   Connection-specific DNS Suffix  . :
   Description . . . . . . . . . . . : Intel(R) PRO/1000 MT Desktop Adapter
   Physical Address. . . . . . . . . : 08-00-27-CE-B8-BE
   DHCP Enabled. . . . . . . . . . . : No
   Autoconfiguration Enabled . . . . : Yes
   Link-local IPv6 Address . . . . . : fe80::c2c2:22f9:a8b6:ff1c%13(Preferred)
   IPv4 Address. . . . . . . . . . . : 192.168.56.10(Preferred)
   Subnet Mask . . . . . . . . . . . : 255.255.255.0
   Default Gateway . . . . . . . . . :
   DHCPv6 IAID . . . . . . . . . . . : 101187623
   DHCPv6 Client DUID. . . . . . . . : 00-01-00-01-2D-6E-74-46-08-00-27-CE-B8-BE
   DNS Servers . . . . . . . . . . . : 192.168.56.2
   NetBIOS over Tcpip. . . . . . . . : Enabled

Ethernet adapter NAT:

   Connection-specific DNS Suffix  . :
   Description . . . . . . . . . . . : Intel(R) PRO/1000 MT Desktop Adapter #2
   Physical Address. . . . . . . . . : 08-00-27-3B-69-4C
   DHCP Enabled. . . . . . . . . . . : Yes
   Autoconfiguration Enabled . . . . : Yes
   Link-local IPv6 Address . . . . . : fe80::96f0:9389:60c7:acb%8(Preferred)
   IPv4 Address. . . . . . . . . . . : 10.0.3.15(Preferred)
   Subnet Mask . . . . . . . . . . . : 255.255.255.0
   Lease Obtained. . . . . . . . . . : 04 April 2024 00:23:45
   Lease Expires . . . . . . . . . . : 05 April 2024 13:53:08
   Default Gateway . . . . . . . . . : 10.0.3.2
   DHCP Server . . . . . . . . . . . : 10.0.3.2
   DHCPv6 IAID . . . . . . . . . . . : 302514215
   DHCPv6 Client DUID. . . . . . . . : 00-01-00-01-2D-6E-74-46-08-00-27-CE-B8-BE
   DNS Servers . . . . . . . . . . . : 160.9.151.150
                                       160.9.151.160
   NetBIOS over Tcpip. . . . . . . . : Enabled
PS C:\Windows\system32> net stat -a -n -o
The syntax of this command is:

NET
    [ ACCOUNTS | COMPUTER | CONFIG | CONTINUE | FILE | GROUP | HELP |
      HELPMSG | LOCALGROUP | PAUSE | SESSION | SHARE | START |
      STATISTICS | STOP | TIME | USE | USER | VIEW ]
PS C:\Windows\system32> netstat -a -n -o

Active Connections

  Proto  Local Address          Foreign Address        State           PID
  TCP    0.0.0.0:135            0.0.0.0:0              LISTENING       884
  TCP    0.0.0.0:445            0.0.0.0:0              LISTENING       4
  TCP    0.0.0.0:3389           0.0.0.0:0              LISTENING       6384
  TCP    0.0.0.0:5040           0.0.0.0:0              LISTENING       680
  TCP    0.0.0.0:5357           0.0.0.0:0              LISTENING       4
  TCP    0.0.0.0:7680           0.0.0.0:0              LISTENING       3500
  TCP    0.0.0.0:49664          0.0.0.0:0              LISTENING       668
  TCP    0.0.0.0:49665          0.0.0.0:0              LISTENING       516
  TCP    0.0.0.0:49666          0.0.0.0:0              LISTENING       760
  TCP    0.0.0.0:49667          0.0.0.0:0              LISTENING       392
  TCP    0.0.0.0:49673          0.0.0.0:0              LISTENING       2164
  TCP    0.0.0.0:49675          0.0.0.0:0              LISTENING       1952
  TCP    0.0.0.0:49676          0.0.0.0:0              LISTENING       668
  TCP    0.0.0.0:49689          0.0.0.0:0              LISTENING       648
  TCP    10.0.3.15:139          0.0.0.0:0              LISTENING       4
  TCP    10.0.3.15:49158        20.90.153.243:443      ESTABLISHED     392
  TCP    10.0.3.15:64347        20.90.153.243:443      ESTABLISHED     392
  TCP    10.0.3.15:64635        95.101.63.203:443      ESTABLISHED     6504
  TCP    10.0.3.15:64637        95.101.63.227:443      CLOSE_WAIT      6504
  TCP    10.0.3.15:64638        95.101.63.227:443      CLOSE_WAIT      6504
  TCP    10.0.3.15:64639        95.101.63.227:443      CLOSE_WAIT      6504
  TCP    10.0.3.15:64640        95.101.63.227:443      CLOSE_WAIT      6504
  TCP    10.0.3.15:64641        95.101.63.227:443      CLOSE_WAIT      6504
  TCP    10.0.3.15:64642        95.101.63.227:443      CLOSE_WAIT      6504
  TCP    10.0.3.15:64643        52.168.117.169:443     ESTABLISHED     6504
  TCP    10.0.3.15:64644        13.107.4.254:443       ESTABLISHED     6504
  TCP    10.0.3.15:64645        52.98.57.114:443       ESTABLISHED     6504
  TCP    10.0.3.15:64646        192.229.221.95:80      ESTABLISHED     6504
  TCP    10.0.3.15:64647        204.79.197.203:443     TIME_WAIT       0
  TCP    10.0.3.15:64648        20.187.64.58:443       ESTABLISHED     6504
  TCP    10.0.3.15:64649        2.17.113.59:443        TIME_WAIT       0
  TCP    10.0.3.15:64650        95.101.63.227:443      TIME_WAIT       0
  TCP    10.0.3.15:64651        18.172.89.107:443      TIME_WAIT       0
  TCP    10.0.3.15:64652        204.79.197.203:443     TIME_WAIT       0
  TCP    10.0.3.15:64653        2.22.249.184:443       TIME_WAIT       0
  TCP    10.0.3.15:64654        2.22.249.184:443       TIME_WAIT       0
  TCP    10.0.3.15:64655        13.107.21.237:443      TIME_WAIT       0
  TCP    10.0.3.15:64656        68.219.88.97:443       TIME_WAIT       0
  TCP    10.0.3.15:64657        95.101.63.217:443      TIME_WAIT       0
  TCP    10.0.3.15:64658        95.101.63.82:443       TIME_WAIT       0
  TCP    10.0.3.15:64659        204.79.197.203:443     TIME_WAIT       0
  TCP    10.0.3.15:64660        204.79.197.203:443     TIME_WAIT       0
  TCP    10.0.3.15:64662        2.17.113.59:443        TIME_WAIT       0
  TCP    10.0.3.15:64663        18.172.89.107:443      TIME_WAIT       0
  TCP    10.0.3.15:64664        95.101.63.227:443      TIME_WAIT       0
  TCP    10.0.3.15:64665        68.219.88.97:443       TIME_WAIT       0
  TCP    10.0.3.15:64666        13.107.21.237:443      TIME_WAIT       0
  TCP    10.0.3.15:64667        2.22.249.184:443       TIME_WAIT       0
  TCP    10.0.3.15:64668        2.22.249.184:443       TIME_WAIT       0
  TCP    10.0.3.15:64669        204.79.197.203:443     TIME_WAIT       0
  TCP    10.0.3.15:64670        95.101.63.217:443      TIME_WAIT       0
  TCP    10.0.3.15:64671        20.223.35.26:443       TIME_WAIT       0
  TCP    10.0.3.15:64672        204.79.197.203:443     TIME_WAIT       0
  TCP    10.0.3.15:64673        2.17.113.49:443        TIME_WAIT       0
  TCP    10.0.3.15:64677        95.101.63.96:80        ESTABLISHED     1108
  TCP    192.168.56.10:139      0.0.0.0:0              LISTENING       4
  TCP    192.168.56.10:3389     192.168.56.11:50990    ESTABLISHED     6384
  TCP    192.168.56.10:64675    192.168.56.2:135       TIME_WAIT       0
  TCP    192.168.56.10:64676    192.168.56.2:49667     TIME_WAIT       0
  TCP    [::]:135               [::]:0                 LISTENING       884
  TCP    [::]:445               [::]:0                 LISTENING       4
  TCP    [::]:3389              [::]:0                 LISTENING       6384
  TCP    [::]:5357              [::]:0                 LISTENING       4
  TCP    [::]:7680              [::]:0                 LISTENING       3500
  TCP    [::]:49664             [::]:0                 LISTENING       668
  TCP    [::]:49665             [::]:0                 LISTENING       516
  TCP    [::]:49666             [::]:0                 LISTENING       760
  TCP    [::]:49667             [::]:0                 LISTENING       392
  TCP    [::]:49673             [::]:0                 LISTENING       2164
  TCP    [::]:49675             [::]:0                 LISTENING       1952
  TCP    [::]:49676             [::]:0                 LISTENING       668
  TCP    [::]:49689             [::]:0                 LISTENING       648
  UDP    0.0.0.0:123            *:*                                    384
  UDP    0.0.0.0:500            *:*                                    392
  UDP    0.0.0.0:3389           *:*                                    6384
  UDP    0.0.0.0:3702           *:*                                    1868
  UDP    0.0.0.0:3702           *:*                                    2492
  UDP    0.0.0.0:3702           *:*                                    2492
  UDP    0.0.0.0:3702           *:*                                    1868
  UDP    0.0.0.0:4500           *:*                                    392
  UDP    0.0.0.0:5050           *:*                                    680
  UDP    0.0.0.0:5353           *:*                                    1108
  UDP    0.0.0.0:5355           *:*                                    1108
  UDP    0.0.0.0:64527          *:*                                    1868
  UDP    0.0.0.0:64947          *:*                                    2492
  UDP    10.0.3.15:137          *:*                                    4
  UDP    10.0.3.15:138          *:*                                    4
  UDP    10.0.3.15:1900         *:*                                    1868
  UDP    10.0.3.15:49838        *:*                                    1868
  UDP    127.0.0.1:1900         *:*                                    1868
  UDP    127.0.0.1:49839        *:*                                    1868
  UDP    127.0.0.1:62876        *:*                                    668
  UDP    127.0.0.1:63966        *:*                                    392
  UDP    127.0.0.1:65456        *:*                                    1108
  UDP    192.168.56.10:137      *:*                                    4
  UDP    192.168.56.10:138      *:*                                    4
  UDP    192.168.56.10:1900     *:*                                    1868
  UDP    192.168.56.10:49837    *:*                                    1868
  UDP    [::]:123               *:*                                    384
  UDP    [::]:500               *:*                                    392
  UDP    [::]:3389              *:*                                    6384
  UDP    [::]:3702              *:*                                    2492
  UDP    [::]:3702              *:*                                    2492
  UDP    [::]:3702              *:*                                    1868
  UDP    [::]:3702              *:*                                    1868
  UDP    [::]:4500              *:*                                    392
  UDP    [::]:5353              *:*                                    1108
  UDP    [::]:5355              *:*                                    1108
  UDP    [::]:64528             *:*                                    1868
  UDP    [::]:64948             *:*                                    2492
  UDP    [::1]:1900             *:*                                    1868
  UDP    [::1]:49836            *:*                                    1868
  UDP    [fe80::96f0:9389:60c7:acb%8]:1900  *:*                                    1868
  UDP    [fe80::96f0:9389:60c7:acb%8]:49835  *:*                                    1868
  UDP    [fe80::c2c2:22f9:a8b6:ff1c%13]:1900  *:*                                    1868
  UDP    [fe80::c2c2:22f9:a8b6:ff1c%13]:49834  *:*                                    1868
PS C:\Windows\system32> net shares
The syntax of this command is:

NET
    [ ACCOUNTS | COMPUTER | CONFIG | CONTINUE | FILE | GROUP | HELP |
      HELPMSG | LOCALGROUP | PAUSE | SESSION | SHARE | START |
      STATISTICS | STOP | TIME | USE | USER | VIEW ]
PS C:\Windows\system32> net share

Share name   Resource                        Remark

-------------------------------------------------------------------------------
C$           C:\                             Default share
IPC$                                         Remote IPC
ADMIN$       C:\Windows                      Remote Admin
The command completed successfully.
PS C:\Windows\system32> wmic product get name, version
Invalid GET Expression.
PS C:\Windows\system32> wmic product get name,version
Name                                                     Version
Microsoft Update Health Tools                            3.74.0.0
Update for Windows 10 for x64-based Systems (KB5001716)  8.94.0.0
PS C:\Windows\system32> net localgroup Administrators
Alias name     Administrators
Comment        Administrators have complete and unrestricted access to the computer/domain

Members

-------------------------------------------------------------------------------
Administrator
VULNAD\Domain Admins
win10-host
The command completed successfully.
PS C:\Windows\system32> net user NewUser
The user name could not be found.

More help is available by typing NET HELPMSG 2221.
PS C:\Windows\system32> net user add NewUser
The user name could not be found.

More help is available by typing NET HELPMSG 2221.
PS C:\Windows\system32> net user /add NewUser
The password does not meet the password policy requirements. Check the minimum password length, password complexity and
password history requirements.

More help is available by typing NET HELPMSG 2245.
PS C:\Windows\system32> net user /add NewUser H8ckedm8
The command completed successfully.
PS C:\Windows\system32> net user

User accounts for \\WIN10-PC

-------------------------------------------------------------------------------
Administrator            DefaultAccount           Guest
NewUser                  WDAGUtilityAccount       win10-host
The command completed successfully.
PS C:\Windows\system32> net localgroup Administrators NewUser /add
The command completed successfully.
PS C:\Windows\system32> net localgroup Administrators
Alias name     Administrators
Comment        Administrators have complete and unrestricted access to the computer/domain

Members

-------------------------------------------------------------------------------
Administrator
NewUser
VULNAD\Domain Admins
win10-host
The command completed successfully.
PS C:\Windows\system32> type %WINDIR%/repair/sam
type : Cannot find path 'C:\Windows\system32\%WINDIR%\repair\sam' because it does not exist.
At line:1 char:1
+ type %WINDIR%/repair/sam
+ ~~~~~~~~~~~~~~~~~~~~~~~~
    + CategoryInfo          : ObjectNotFound: (C:\Windows\system32\%WINDIR%\repair\sam:String) [Get-Content], 
ItemNotFoundException
    + FullyQualifiedErrorId : PathNotFound,Microsoft.PowerShell.Commands.GetContentCommand
type : Cannot find path 'C:\Windows\system32\%WINDIR%\repair\sam' because it does not exist.
At line:1 char:1
+ type %WINDIR%/repair/sam
+ ~~~~~~~~~~~~~~~~~~~~~~~~
    + CategoryInfo          : ObjectNotFound: (C:\Windows\system32\%WINDIR%\repair\sam:String) [Get-Content], ItemNotFoundException
    + FullyQualifiedErrorId : PathNotFound,Microsoft.PowerShell.Commands.GetContentCommand

PS C:\Windows\system32> type %WINDIR%\repair\sam
type : Cannot find path 'C:\Windows\system32\%WINDIR%\repair\sam' because it does not exist.
At line:1 char:1
+ type %WINDIR%\repair\sam
+ ~~~~~~~~~~~~~~~~~~~~~~~~
    + CategoryInfo          : ObjectNotFound: (C:\Windows\system32\%WINDIR%\repair\sam:String) [Get-Content], 
ItemNotFoundException
    + FullyQualifiedErrorId : PathNotFound,Microsoft.PowerShell.Commands.GetContentCommand
type : Cannot find path 'C:\Windows\system32\%WINDIR%\repair\sam' because it does not exist.
At line:1 char:1
+ type %WINDIR%\repair\sam
+ ~~~~~~~~~~~~~~~~~~~~~~~~
    + CategoryInfo          : ObjectNotFound: (C:\Windows\system32\%WINDIR%\repair\sam:String) [Get-Content], ItemNotFoundException
    + FullyQualifiedErrorId : PathNotFound,Microsoft.PowerShell.Commands.GetContentCommand

PS C:\Windows\system32> type ntuser.dat
type : Cannot find path 'C:\Windows\system32\ntuser.dat' because it does not exist.
At line:1 char:1
+ type ntuser.dat
+ ~~~~~~~~~~~~~~~
    + CategoryInfo          : ObjectNotFound: (C:\Windows\system32\ntuser.dat:String) [Get-Content], 
ItemNotFoundException
    + FullyQualifiedErrorId : PathNotFound,Microsoft.PowerShell.Commands.GetContentCommand
type : Cannot find path 'C:\Windows\system32\ntuser.dat' because it does not exist.
At line:1 char:1
+ type ntuser.dat
+ ~~~~~~~~~~~~~~~
    + CategoryInfo          : ObjectNotFound: (C:\Windows\system32\ntuser.dat:String) [Get-Content], ItemNotFoundException
    + FullyQualifiedErrorId : PathNotFound,Microsoft.PowerShell.Commands.GetContentCommand

PS C:\Windows\system32> type %USERPROFILE%\ntuser.dat
type : Cannot find path 'C:\Windows\system32\%USERPROFILE%\ntuser.dat' because it does not exist.
At line:1 char:1
+ type %USERPROFILE%\ntuser.dat
+ ~~~~~~~~~~~~~~~~~~~~~~~~~~~~~
    + CategoryInfo          : ObjectNotFound: (C:\Windows\syst...ILE%\ntuser.dat:String) [Get-Content], 
ItemNotFoundException
    + FullyQualifiedErrorId : PathNotFound,Microsoft.PowerShell.Commands.GetContentCommand
type : Cannot find path 'C:\Windows\system32\%USERPROFILE%\ntuser.dat' because it does not exist.
At line:1 char:1
+ type %USERPROFILE%\ntuser.dat
+ ~~~~~~~~~~~~~~~~~~~~~~~~~~~~~
    + CategoryInfo          : ObjectNotFound: (C:\Windows\syst...ILE%\ntuser.dat:String) [Get-Content], ItemNotFoundException
    + FullyQualifiedErrorId : PathNotFound,Microsoft.PowerShell.Commands.GetContentCommand

PS C:\Windows\system32> type %USERPROFILE%/ntuser.dat
type : Cannot find path 'C:\Windows\system32\%USERPROFILE%\ntuser.dat' because it does not exist.
At line:1 char:1
+ type %USERPROFILE%/ntuser.dat
+ ~~~~~~~~~~~~~~~~~~~~~~~~~~~~~
    + CategoryInfo          : ObjectNotFound: (C:\Windows\syst...ILE%\ntuser.dat:String) [Get-Content], 
ItemNotFoundException
    + FullyQualifiedErrorId : PathNotFound,Microsoft.PowerShell.Commands.GetContentCommand
type : Cannot find path 'C:\Windows\system32\%USERPROFILE%\ntuser.dat' because it does not exist.
At line:1 char:1
+ type %USERPROFILE%/ntuser.dat
+ ~~~~~~~~~~~~~~~~~~~~~~~~~~~~~
    + CategoryInfo          : ObjectNotFound: (C:\Windows\syst...ILE%\ntuser.dat:String) [Get-Content], ItemNotFoundException
    + FullyQualifiedErrorId : PathNotFound,Microsoft.PowerShell.Commands.GetContentCommand

PS C:\Windows\system32> driverquery | findstr Kernel
1394ohci     1394 OHCI Compliant Ho Kernel
3ware        3ware                  Kernel        18/05/2015 23:28:03
ACPI         Microsoft ACPI Driver  Kernel
AcpiDev      ACPI Devices driver    Kernel
acpiex       Microsoft ACPIEx Drive Kernel
acpipagr     ACPI Processor Aggrega Kernel
AcpiPmi      ACPI Power Meter Drive Kernel
acpitime     ACPI Wake Alarm Driver Kernel
Acx01000     Acx01000               Kernel
ADP80XX      ADP80XX                Kernel        09/04/2015 21:49:48
AFD          Ancillary Function Dri Kernel
afunix       afunix                 Kernel
ahcache      Application Compatibil Kernel
amdgpio2     AMD GPIO Client Driver Kernel        07/02/2019 09:32:20
amdi2c       AMD I2C Controller Ser Kernel        20/03/2019 04:57:33
AmdK8        AMD K8 Processor Drive Kernel
AmdPPM       AMD Processor Driver   Kernel
amdsata      amdsata                Kernel        14/05/2015 13:14:52
amdsbs       amdsbs                 Kernel        11/12/2012 21:21:44
amdxata      amdxata                Kernel        01/05/2015 01:55:35
AppID        AppID Driver           Kernel
applockerflt Smartlocker Filter Dri Kernel
arcsas       Adaptec SAS/SATA-II RA Kernel        09/04/2015 20:12:07
AsyncMac     RAS Asynchronous Media Kernel
atapi        IDE Channel            Kernel
b06bdrv      QLogic Network Adapter Kernel        25/05/2016 08:03:08
bam          Background Activity Mo Kernel
BasicDisplay BasicDisplay           Kernel
BasicRender  BasicRender            Kernel
bcmfn2       bcmfn2 Service         Kernel        01/11/2016 02:09:15
Beep         Beep                   Kernel
BthA2dp      Microsoft Bluetooth A2 Kernel
BthEnum      Bluetooth Enumerator S Kernel
BthHFEnum    Microsoft Bluetooth Ha Kernel
BthLEEnum    Bluetooth Low Energy D Kernel
BthMini      Bluetooth Radio Driver Kernel
BTHMODEM     Bluetooth Modem Commun Kernel
BTHPORT      Bluetooth Port Driver  Kernel
BTHUSB       Bluetooth Radio USB Dr Kernel
bttflt       Microsoft Hyper-V VHDP Kernel
buttonconver Service for Portable D Kernel
CAD          Charge Arbitration Dri Kernel
cdrom        CD-ROM Driver          Kernel
cht4iscsi    cht4iscsi              Kernel        05/02/2019 13:51:31
cht4vbd      Chelsio Virtual Bus Dr Kernel        05/02/2019 13:47:51
circlass     Consumer IR Devices    Kernel
CLFS         Common Log (CLFS)      Kernel
CmBatt       Microsoft ACPI Control Kernel
CNG          CNG                    Kernel
cnghwassist  CNG Hardware Assist al Kernel
CompositeBus Composite Bus Enumerat Kernel
condrv       Console Driver         Kernel
CSC          Offline Files Driver   Kernel
dam          Desktop Activity Moder Kernel
disk         Disk Driver            Kernel
dmvsc        dmvsc                  Kernel
drmkaud      Microsoft Trusted Audi Kernel
DXGKrnl      LDDM Graphics Subsyste Kernel
E1G60        Intel(R) PRO/1000 NDIS Kernel        23/03/2010 21:08:16
ebdrv        QLogic 10 Gigabit Ethe Kernel        25/05/2016 08:01:05
EhStorClass  Enhanced Storage Filte Kernel
EhStorTcgDrv Microsoft driver for s Kernel
ErrDev       Microsoft Hardware Err Kernel
fdc          Floppy Disk Controller Kernel
flpydisk     Floppy Disk Driver     Kernel
fvevol       BitLocker Drive Encryp Kernel
gencounter   Microsoft Hyper-V Gene Kernel
genericusbfn Generic USB Function C Kernel
GPIOClx0101  Microsoft GPIO Class E Kernel
GpuEnergyDrv GPU Energy Driver      Kernel
HdAudAddServ Microsoft 1.1 UAA Func Kernel
HDAudBus     Microsoft UAA Bus Driv Kernel
HidBatt      HID UPS Battery Driver Kernel
HidBth       Microsoft Bluetooth HI Kernel
hidi2c       Microsoft I2C HID Mini Kernel
hidinterrupt Common Driver for HID  Kernel
HidIr        Microsoft Infrared HID Kernel
hidspi       Microsoft SPI HID Mini Kernel
HidSpiCx     HidSpi KMDF Class Exte Kernel
HidUsb       Microsoft HID Class Dr Kernel
HpSAMD       HpSAMD                 Kernel        26/03/2013 21:36:54
HTTP         HTTP Service           Kernel
hvcrash      hvcrash                Kernel
hvservice    Hypervisor/Virtual Mac Kernel
HwNClx0101   Microsoft Hardware Not Kernel
hwpolicy     Hardware Policy Driver Kernel
hyperkbd     hyperkbd               Kernel
HyperVideo   HyperVideo             Kernel
i8042prt     i8042 Keyboard and PS/ Kernel
iagpio       Intel Serial IO GPIO C Kernel        23/07/2018 10:04:46
iai2c        Intel(R) Serial IO I2C Kernel        23/07/2018 10:04:39
iaLPSS2i_GPI Intel(R) Serial IO GPI Kernel        19/04/2018 08:53:24
iaLPSS2i_GPI Intel(R) Serial IO GPI Kernel        17/04/2018 10:25:15
iaLPSS2i_GPI Intel(R) Serial IO GPI Kernel        17/04/2018 08:07:03
iaLPSS2i_GPI Intel(R) Serial IO GPI Kernel        16/05/2018 06:46:36
iaLPSS2i_I2C Intel(R) Serial IO I2C Kernel        19/04/2018 08:52:58
iaLPSS2i_I2C Intel(R) Serial IO I2C Kernel        17/04/2018 10:24:40
iaLPSS2i_I2C Intel(R) Serial IO I2C Kernel        15/07/2019 06:12:12
iaLPSS2i_I2C Intel(R) Serial IO I2C Kernel        16/05/2018 06:46:02
iaLPSSi_GPIO Intel(R) Serial IO GPI Kernel        02/02/2015 09:00:09
iaLPSSi_I2C  Intel(R) Serial IO I2C Kernel        24/02/2015 15:52:07
iaStorAVC    Intel Chipset SATA RAI Kernel        05/09/2019 13:07:32
iaStorV      Intel RAID Controller  Kernel        11/04/2011 19:48:16
ibbus        Mellanox InfiniBand Bu Kernel        19/06/2019 14:20:09
IndirectKmd  Indirect Displays Kern Kernel
intelide     intelide               Kernel
intelpep     Intel(R) Power Engine  Kernel
intelpmax    Intel(R) Dynamic Devic Kernel
intelppm     Intel Processor Driver Kernel
iorate       Disk I/O Rate Filter D Kernel
IpFilterDriv IP Traffic Filter Driv Kernel
IPMIDRV      IPMIDRV                Kernel
IPNAT        IP Network Address Tra Kernel
IPT          IPT                    Kernel
isapnp       isapnp                 Kernel
iScsiPrt     iScsiPort Driver       Kernel
ItSas35i     ItSas35i               Kernel        20/06/2019 08:35:34
kbdclass     Keyboard Class Driver  Kernel
kbdhid       Keyboard HID Driver    Kernel
kbldfltr     kbldfltr               Kernel
kdnic        Microsoft Kernel Debug Kernel
KSecDD       KSecDD                 Kernel
KSecPkg      KSecPkg                Kernel
ksthunk      Kernel Streaming Thunk Kernel
lltdio       Link-Layer Topology Di Kernel
LSI_SAS      LSI_SAS                Kernel        25/03/2015 19:36:48
LSI_SAS2i    LSI_SAS2i              Kernel        02/08/2017 14:29:59
LSI_SAS3i    LSI_SAS3i              Kernel        04/04/2019 07:54:35
LSI_SSS      LSI_SSS                Kernel        15/03/2013 23:39:38
mausbhost    MA-USB Host Controller Kernel
mausbip      MA-USB IP Filter Drive Kernel
MbbCx        MBB Network Adapter Cl Kernel
megasas      megasas                Kernel        05/03/2015 02:36:29
megasas2i    megasas2i              Kernel        04/04/2019 14:28:53
megasas35i   megasas35i             Kernel        20/06/2019 11:01:12
megasr       megasr                 Kernel        03/06/2013 23:02:39
Microsoft_Bl Microsoft Bluetooth Av Kernel
mlx4_bus     Mellanox ConnectX Bus  Kernel        19/06/2019 14:21:08
MMCSS        Multimedia Class Sched Kernel
Modem        Modem                  Kernel
monitor      Microsoft Monitor Clas Kernel
mouclass     Mouse Class Driver     Kernel
mouhid       Mouse HID Driver       Kernel
mountmgr     Mount Point Manager    Kernel
mpsdrv       Windows Defender Firew Kernel
MsBridge     Microsoft MAC Bridge   Kernel
msgpiowin32  Common Driver for Butt Kernel
mshidkmdf    Pass-through HID to KM Kernel
mshidumdf    Pass-through HID to UM Kernel
msisadrv     msisadrv               Kernel
MSKSSRV      Microsoft Streaming Se Kernel
MsLldp       Microsoft Link-Layer D Kernel
MSPCLOCK     Microsoft Streaming Cl Kernel
MSPQM        Microsoft Streaming Qu Kernel
MsQuic       MsQuic                 Kernel
MsRPC        MsRPC                  Kernel
MsSecCore    Microsoft Security Cor Kernel
MsSecFlt     Microsoft Security Eve Kernel
MsSecWfp     Microsoft Security WFP Kernel
mssmbios     Microsoft System Manag Kernel
MSTEE        Microsoft Streaming Te Kernel
MTConfig     Microsoft Input Config Kernel
mvumis       mvumis                 Kernel        23/05/2014 21:39:04
NativeWifiP  NativeWiFi Filter      Kernel
ndfltr       NetworkDirect Service  Kernel        19/06/2019 14:18:42
NDIS         NDIS System Driver     Kernel
NdisCap      Microsoft NDIS Capture Kernel
NdisImPlatfo Microsoft Network Adap Kernel
NdisTapi     Remote Access NDIS TAP Kernel
Ndisuio      NDIS Usermode I/O Prot Kernel
NdisVirtualB Microsoft Virtual Netw Kernel
NdisWan      Remote Access NDIS WAN Kernel
ndiswanlegac Remote Access LEGACY N Kernel
NDKPing      NDKPing Driver         Kernel
ndproxy      NDIS Proxy Driver      Kernel
Ndu          Windows Network Data U Kernel
NetAdapterCx Network Adapter Wdf Cl Kernel
NetBT        NetBT                  Kernel
netvsc       netvsc                 Kernel
npsvctrig    Named pipe service tri Kernel
nsiproxy     NSI Proxy Service Driv Kernel
Null         Null                   Kernel
nvdimm       Microsoft NVDIMM devic Kernel
nvraid       nvraid                 Kernel        21/04/2014 19:28:42
nvstor       nvstor                 Kernel        21/04/2014 19:34:03
Parport      Parallel port driver   Kernel
partmgr      Partition driver       Kernel
pci          PCI Bus Driver         Kernel
pciide       pciide                 Kernel
pcmcia       pcmcia                 Kernel
pcw          Performance Counters f Kernel
pdc          pdc                    Kernel
PEAUTH       PEAUTH                 Kernel
percsas2i    percsas2i              Kernel        15/03/2016 00:50:11
percsas3i    percsas3i              Kernel        01/06/2018 22:47:02
PktMon       Packet Monitor Driver  Kernel
pmem         Microsoft persistent m Kernel
PNPMEM       Microsoft Memory Modul Kernel
portcfg      portcfg                Kernel
PptpMiniport WAN Miniport (PPTP)    Kernel
Processor    Processor Driver       Kernel
Psched       QoS Packet Scheduler   Kernel
QWAVEdrv     QWAVE driver           Kernel
Ramdisk      Windows RAM Disk Drive Kernel
RasAcd       Remote Access Auto Con Kernel
RasAgileVpn  WAN Miniport (IKEv2)   Kernel
Rasl2tp      WAN Miniport (L2TP)    Kernel
RasPppoe     Remote Access PPPOE Dr Kernel
RasSstp      WAN Miniport (SSTP)    Kernel
rdpbus       Remote Desktop Device  Kernel
RDPDR        Remote Desktop Device  Kernel
RdpVideoMini Remote Desktop Video M Kernel
rdyboost     ReadyBoost             Kernel
RFCOMM       Bluetooth Device (RFCO Kernel
rhproxy      Resource Hub proxy dri Kernel
rspndr       Link-Layer Topology Di Kernel
s3cap        s3cap                  Kernel
sbp2port     SBP-2 Transport/Protoc Kernel
scfilter     Smart card PnP Class F Kernel
scmbus       Microsoft Storage Clas Kernel
sdbus        sdbus                  Kernel
SDFRd        SDF Reflector          Kernel
sdstor       SD Storage Port Driver Kernel
SerCx        Serial UART Support Li Kernel
SerCx2       Serial UART Support Li Kernel
Serenum      Serenum Filter Driver  Kernel
Serial       Serial port driver     Kernel
sermouse     Serial Mouse Driver    Kernel
sfloppy      High-Capacity Floppy D Kernel
SgrmAgent    System Guard Runtime M Kernel
SiSRaid2     SiSRaid2               Kernel        24/09/2008 19:28:20
SiSRaid4     SiSRaid4               Kernel        01/10/2008 22:56:04
SmartSAMD    SmartSAMD              Kernel        21/02/2019 17:54:44
spaceparser  Space Parser           Kernel
spaceport    Storage Spaces Driver  Kernel
SpatialGraph Holographic Spatial Gr Kernel
SpbCx        Simple Peripheral Bus  Kernel
stexstor     stexstor               Kernel        27/11/2012 00:02:51
storahci     Microsoft Standard SAT Kernel
storflt      Microsoft Hyper-V Stor Kernel
stornvme     Microsoft Standard NVM Kernel
storufs      Microsoft Universal Fl Kernel
storvsc      storvsc                Kernel
swenum       Software Bus Driver    Kernel
Synth3dVsc   Synth3dVsc             Kernel
Tcpip        TCP/IP Protocol Driver Kernel
Tcpip6       @todo.dll,-100;Microso Kernel
tcpipreg     TCP/IP Registry Compat Kernel
tdx          NetIO Legacy TDI Suppo Kernel
Telemetry    Intel(R) Telemetry Ser Kernel
terminpt     Microsoft Remote Deskt Kernel
TPM          TPM                    Kernel
TsUsbFlt     Remote Desktop USB Hub Kernel
TsUsbGD      Remote Desktop Generic Kernel
tsusbhub     Remote Desktop USB Hub Kernel
tunnel       Microsoft Tunnel Minip Kernel
UASPStor     USB Attached SCSI (UAS Kernel
UcmCx0101    USB Connector Manager  Kernel
UcmTcpciCx01 UCM-TCPCI KMDF Class E Kernel
UcmUcsiAcpiC UCM-UCSI ACPI Client   Kernel
UcmUcsiCx010 UCM-UCSI KMDF Class Ex Kernel
Ucx01000     USB Host Support Libra Kernel
UdeCx        USB Device Emulation S Kernel
UEFI         Microsoft UEFI Driver  Kernel
Ufx01000     USB Function Class Ext Kernel
UfxChipidea  USB Chipidea Controlle Kernel
ufxsynopsys  USB Synopsys Controlle Kernel
umbus        UMBus Enumerator Drive Kernel
UmPass       Microsoft UMPass Drive Kernel
UrsChipidea  Chipidea USB Role-Swit Kernel
UrsCx01000   USB Role-Switch Suppor Kernel
UrsSynopsys  Synopsys USB Role-Swit Kernel
usbaudio     USB Audio Driver (WDM) Kernel
usbaudio2    USB Audio 2.0 Service  Kernel
usbccgp      Microsoft USB Generic  Kernel
usbcir       eHome Infrared Receive Kernel
usbehci      Microsoft USB 2.0 Enha Kernel
usbhub       Microsoft USB Standard Kernel
USBHUB3      SuperSpeed Hub         Kernel
usbohci      Microsoft USB Open Hos Kernel
usbprint     Microsoft USB PRINTER  Kernel
usbser       Microsoft USB Serial D Kernel
USBSTOR      USB Mass Storage Drive Kernel
usbuhci      Microsoft USB Universa Kernel
USBXHCI      USB xHCI Compliant Hos Kernel
VBoxGuest    VirtualBox Guest Drive Kernel        15/01/2024 14:05:28
VBoxMouse    VirtualBox Guest Mouse Kernel        15/01/2024 14:05:28
VBoxWddm     VBoxWddm               Kernel        15/01/2024 14:05:28
vdrvroot     Microsoft Virtual Driv Kernel
VerifierExt  Driver Verifier Extens Kernel
vhdmp        vhdmp                  Kernel
vhf          Virtual HID Framework  Kernel
Vid          Vid                    Kernel
VirtualRende VirtualRender          Kernel
vmbus        Virtual Machine Bus    Kernel
VMBusHID     VMBusHID               Kernel
vmgid        Microsoft Hyper-V Gues Kernel
volmgr       Volume Manager Driver  Kernel
volmgrx      Dynamic Volume Manager Kernel
volsnap      Volume Shadow Copy dri Kernel
volume       Volume driver          Kernel
vpci         Microsoft Hyper-V Virt Kernel
vsmraid      vsmraid                Kernel        22/04/2014 20:21:41
VSTXRAID     VIA StorX Storage RAID Kernel        21/01/2013 19:00:28
vwifibus     Virtual Wireless Bus D Kernel
vwififlt     Virtual WiFi Filter Dr Kernel
WacomPen     Wacom Serial Pen HID D Kernel
wanarp       Remote Access IP ARP D Kernel
wanarpv6     Remote Access IPv6 ARP Kernel
WdBoot       Microsoft Defender Ant Kernel
Wdf01000     Kernel Mode Driver Fra Kernel
wdiwifi      WDI Driver Framework   Kernel
WdmCompanion WdmCompanionFilter     Kernel
WdNisDrv     Microsoft Defender Ant Kernel
WFPLWFS      Microsoft Windows Filt Kernel
WindowsTrust Windows Trusted Execut Kernel
WindowsTrust Microsoft Windows Trus Kernel
WinMad       WinMad Service         Kernel        19/06/2019 14:18:11
WinNat       Windows NAT Driver     Kernel
WINUSB       WinUsb Driver          Kernel
WinVerbs     WinVerbs Service       Kernel        19/06/2019 14:18:12
WmiAcpi      Microsoft Windows Mana Kernel
WpdUpFltr    WPD Upper Class Filter Kernel
ws2ifsl      Winsock IFS Driver     Kernel
WudfPf       User Mode Driver Frame Kernel
WUDFRd       Windows Driver Foundat Kernel
xboxgip      Xbox Game Input Protoc Kernel
xinputhid    XINPUT HID Filter Driv Kernel
PS C:\Windows\system32> wevtutil el
AMSI/Debug
Analytic
Application
DirectShowFilterGraph
DirectShowPluginControl
Els_Hyphenation/Analytic
EndpointMapper
FirstUXPerf-Analytic
ForwardedEvents
HardwareEvents
IHM_DebugChannel
Intel-iaLPSS-GPIO/Analytic
Intel-iaLPSS-I2C/Analytic
Intel-iaLPSS2-GPIO2/Debug
Intel-iaLPSS2-GPIO2/Performance
Intel-iaLPSS2-I2C/Debug
Intel-iaLPSS2-I2C/Performance
Internet Explorer
Key Management Service
MF_MediaFoundationDeviceMFT
MF_MediaFoundationDeviceProxy
MF_MediaFoundationFrameServer
MedaFoundationVideoProc
MedaFoundationVideoProcD3D
MediaFoundationAsyncWrapper
MediaFoundationContentProtection
MediaFoundationDS
MediaFoundationDeviceProxy
MediaFoundationMP4
MediaFoundationMediaEngine
MediaFoundationPerformance
MediaFoundationPerformanceCore
MediaFoundationPipeline
MediaFoundationPlatform
MediaFoundationSrcPrefetch
Microsoft-AppV-Client-Streamingux/Debug
Microsoft-AppV-Client/Admin
Microsoft-AppV-Client/Debug
Microsoft-AppV-Client/Operational
Microsoft-AppV-Client/Virtual Applications
Microsoft-AppV-SharedPerformance/Analytic
Microsoft-Client-License-Flexible-Platform/Admin
Microsoft-Client-License-Flexible-Platform/Debug
Microsoft-Client-License-Flexible-Platform/Diagnostic
Microsoft-Client-Licensing-Platform/Admin
Microsoft-Client-Licensing-Platform/Debug
Microsoft-Client-Licensing-Platform/Diagnostic
Microsoft-IE/Diagnostic
Microsoft-IEFRAME/Diagnostic
Microsoft-JSDumpHeap/Diagnostic
Microsoft-Management-UI/Admin
Microsoft-Management-UI/Debug
Microsoft-OneCore-Setup/Analytic
Microsoft-PerfTrack-IEFRAME/Diagnostic
Microsoft-PerfTrack-MSHTML/Diagnostic
Microsoft-Rdms-UI/Admin
Microsoft-Rdms-UI/Analytic
Microsoft-Rdms-UI/Debug
Microsoft-Rdms-UI/Operational
Microsoft-User Experience Virtualization-Admin/Debug
Microsoft-User Experience Virtualization-Agent Driver/Debug
Microsoft-User Experience Virtualization-Agent Driver/Operational
Microsoft-User Experience Virtualization-App Agent/Analytic
Microsoft-User Experience Virtualization-App Agent/Debug
Microsoft-User Experience Virtualization-App Agent/Operational
Microsoft-User Experience Virtualization-IPC/Operational
Microsoft-User Experience Virtualization-SQM Uploader/Analytic
Microsoft-User Experience Virtualization-SQM Uploader/Debug
Microsoft-User Experience Virtualization-SQM Uploader/Operational
Microsoft-Windows-AAD/Analytic
Microsoft-Windows-AAD/Operational
Microsoft-Windows-ADSI/Debug
Microsoft-Windows-ASN1/Operational
Microsoft-Windows-ATAPort/General
Microsoft-Windows-ATAPort/SATA-LPM
Microsoft-Windows-ActionQueue/Analytic
Microsoft-Windows-All-User-Install-Agent/Admin
Microsoft-Windows-AllJoyn/Debug
Microsoft-Windows-AllJoyn/Operational
Microsoft-Windows-AppHost/Admin
Microsoft-Windows-AppHost/ApplicationTracing
Microsoft-Windows-AppHost/Diagnostic
Microsoft-Windows-AppHost/Internal
Microsoft-Windows-AppID/Operational
Microsoft-Windows-AppLocker/EXE and DLL
Microsoft-Windows-AppLocker/MSI and Script
Microsoft-Windows-AppLocker/Packaged app-Deployment
Microsoft-Windows-AppLocker/Packaged app-Execution
Microsoft-Windows-AppModel-Runtime/Admin
Microsoft-Windows-AppModel-Runtime/Analytic
Microsoft-Windows-AppModel-Runtime/Debug
Microsoft-Windows-AppModel-Runtime/Diagnostics
Microsoft-Windows-AppModel-State/Debug
Microsoft-Windows-AppModel-State/Diagnostic
Microsoft-Windows-AppReadiness/Admin
Microsoft-Windows-AppReadiness/Debug
Microsoft-Windows-AppReadiness/Operational
Microsoft-Windows-AppSruProv
Microsoft-Windows-AppXDeployment/Diagnostic
Microsoft-Windows-AppXDeployment/Operational
Microsoft-Windows-AppXDeploymentServer/Debug
Microsoft-Windows-AppXDeploymentServer/Diagnostic
Microsoft-Windows-AppXDeploymentServer/Operational
Microsoft-Windows-AppXDeploymentServer/Restricted
Microsoft-Windows-ApplicabilityEngine/Analytic
Microsoft-Windows-ApplicabilityEngine/Operational
Microsoft-Windows-Application Server-Applications/Admin
Microsoft-Windows-Application Server-Applications/Analytic
Microsoft-Windows-Application Server-Applications/Debug
Microsoft-Windows-Application Server-Applications/Operational
Microsoft-Windows-Application-Experience/Compatibility-Infrastructure-Debug
Microsoft-Windows-Application-Experience/Program-Compatibility-Assistant
Microsoft-Windows-Application-Experience/Program-Compatibility-Assistant/Analytic
Microsoft-Windows-Application-Experience/Program-Compatibility-Assistant/Trace
Microsoft-Windows-Application-Experience/Program-Compatibility-Troubleshooter
Microsoft-Windows-Application-Experience/Program-Inventory
Microsoft-Windows-Application-Experience/Program-Telemetry
Microsoft-Windows-Application-Experience/Steps-Recorder
Microsoft-Windows-AppxPackaging/Debug
Microsoft-Windows-AppxPackaging/Operational
Microsoft-Windows-AppxPackaging/Performance
Microsoft-Windows-AssignedAccess/Admin
Microsoft-Windows-AssignedAccess/Operational
Microsoft-Windows-AssignedAccessBroker/Admin
Microsoft-Windows-AssignedAccessBroker/Operational
Microsoft-Windows-AsynchronousCausality/Causality
Microsoft-Windows-Audio/CaptureMonitor
Microsoft-Windows-Audio/GlitchDetection
Microsoft-Windows-Audio/Informational
Microsoft-Windows-Audio/Operational
Microsoft-Windows-Audio/Performance
Microsoft-Windows-Audio/PlaybackManager
Microsoft-Windows-Audit/Analytic
Microsoft-Windows-Authentication User Interface/Operational
Microsoft-Windows-Authentication/AuthenticationPolicyFailures-DomainController
Microsoft-Windows-Authentication/ProtectedUser-Client
Microsoft-Windows-Authentication/ProtectedUserFailures-DomainController
Microsoft-Windows-Authentication/ProtectedUserSuccesses-DomainController
Microsoft-Windows-AxInstallService/Log
Microsoft-Windows-BTH-BTHPORT/HCI
Microsoft-Windows-BTH-BTHPORT/L2CAP
Microsoft-Windows-BTH-BTHUSB/Diagnostic
Microsoft-Windows-BTH-BTHUSB/Performance
Microsoft-Windows-BackgroundTaskInfrastructure/Diagnostic
Microsoft-Windows-BackgroundTaskInfrastructure/Operational
Microsoft-Windows-BackgroundTransfer-ContentPrefetcher/Operational
Microsoft-Windows-Backup
Microsoft-Windows-Base-Filtering-Engine-Connections/Operational
Microsoft-Windows-Base-Filtering-Engine-Resource-Flows/Operational
Microsoft-Windows-Battery/Diagnostic
Microsoft-Windows-BestPractices/Operational
Microsoft-Windows-Biometrics/Analytic
Microsoft-Windows-Biometrics/Operational
Microsoft-Windows-BitLocker-DrivePreparationTool/Admin
Microsoft-Windows-BitLocker-DrivePreparationTool/Operational
Microsoft-Windows-BitLocker-Driver-Performance/Operational
Microsoft-Windows-BitLocker/BitLocker Management
Microsoft-Windows-BitLocker/BitLocker Operational
Microsoft-Windows-BitLocker/Tracing
Microsoft-Windows-Bits-Client/Analytic
Microsoft-Windows-Bits-Client/Operational
Microsoft-Windows-Bluetooth-BthLEPrepairing/Operational
Microsoft-Windows-Bluetooth-Bthmini/Operational
Microsoft-Windows-Bluetooth-MTPEnum/Operational
Microsoft-Windows-Bluetooth-Policy/Operational
Microsoft-Windows-BranchCache/Operational
Microsoft-Windows-BranchCacheClientEventProvider/Diagnostic
Microsoft-Windows-BranchCacheEventProvider/Diagnostic
Microsoft-Windows-BranchCacheMonitoring/Analytic
Microsoft-Windows-BranchCacheSMB/Analytic
Microsoft-Windows-BranchCacheSMB/Operational
Microsoft-Windows-CAPI2/Catalog Database Debug
Microsoft-Windows-CAPI2/Operational
Microsoft-Windows-CDROM/Operational
Microsoft-Windows-COM/Analytic
Microsoft-Windows-COM/ApartmentInitialize
Microsoft-Windows-COM/ApartmentUninitialize
Microsoft-Windows-COM/Call
Microsoft-Windows-COM/CreateInstance
Microsoft-Windows-COM/ExtensionCatalog
Microsoft-Windows-COM/FreeUnusedLibrary
Microsoft-Windows-COM/RundownInstrumentation
Microsoft-Windows-COMRuntime/Activations
Microsoft-Windows-COMRuntime/MessageProcessing
Microsoft-Windows-COMRuntime/Tracing
Microsoft-Windows-CertPoleEng/Operational
Microsoft-Windows-CertificateServices-Deployment/Operational
Microsoft-Windows-CertificateServicesClient-CredentialRoaming/Operational
Microsoft-Windows-CertificateServicesClient-Lifecycle-System/Operational
Microsoft-Windows-CertificateServicesClient-Lifecycle-User/Operational
Microsoft-Windows-Cleanmgr/Diagnostic
Microsoft-Windows-ClearTypeTextTuner/Diagnostic
Microsoft-Windows-CloudRestoreLauncher/Operational
Microsoft-Windows-CloudStore/Debug
Microsoft-Windows-CloudStore/Initialization
Microsoft-Windows-CloudStore/Operational
Microsoft-Windows-ClusterAwareUpdating-Management/Admin
Microsoft-Windows-CmiSetup/Analytic
Microsoft-Windows-CodeIntegrity/Operational
Microsoft-Windows-CodeIntegrity/Verbose
Microsoft-Windows-ComDlg32/Analytic
Microsoft-Windows-ComDlg32/Debug
Microsoft-Windows-Compat-Appraiser/Analytic
Microsoft-Windows-Compat-Appraiser/Operational
Microsoft-Windows-Containers-BindFlt/Debug
Microsoft-Windows-Containers-BindFlt/Operational
Microsoft-Windows-Containers-Wcifs/Debug
Microsoft-Windows-Containers-Wcifs/Operational
Microsoft-Windows-Containers-Wcnfs/Debug
Microsoft-Windows-Containers-Wcnfs/Operational
Microsoft-Windows-CoreApplication/Diagnostic
Microsoft-Windows-CoreApplication/Operational
Microsoft-Windows-CoreApplication/Tracing
Microsoft-Windows-CoreSystem-SmsRouter-Events/Debug
Microsoft-Windows-CoreSystem-SmsRouter-Events/Operational
Microsoft-Windows-CoreWindow/Analytic
Microsoft-Windows-CoreWindow/Debug
Microsoft-Windows-CorruptedFileRecovery-Client/Operational
Microsoft-Windows-CorruptedFileRecovery-Server/Operational
Microsoft-Windows-Crashdump/Operational
Microsoft-Windows-CredUI/Diagnostic
Microsoft-Windows-Crypto-BCRYPT/Analytic
Microsoft-Windows-Crypto-CNG/Analytic
Microsoft-Windows-Crypto-DPAPI/BackUpKeySvc
Microsoft-Windows-Crypto-DPAPI/Debug
Microsoft-Windows-Crypto-DPAPI/Operational
Microsoft-Windows-Crypto-DSSEnh/Analytic
Microsoft-Windows-Crypto-NCrypt/Operational
Microsoft-Windows-Crypto-RNG/Analytic
Microsoft-Windows-Crypto-RSAEnh/Analytic
Microsoft-Windows-D3D10Level9/Analytic
Microsoft-Windows-D3D10Level9/PerfTiming
Microsoft-Windows-DAL-Provider/Analytic
Microsoft-Windows-DAL-Provider/Operational
Microsoft-Windows-DAMM/Diagnostic
Microsoft-Windows-DCLocator/Debug
Microsoft-Windows-DDisplay/Analytic
Microsoft-Windows-DDisplay/Logging
Microsoft-Windows-DLNA-Namespace/Analytic
Microsoft-Windows-DNS-Client/Operational
Microsoft-Windows-DSC/Admin
Microsoft-Windows-DSC/Analytic
Microsoft-Windows-DSC/Debug
Microsoft-Windows-DSC/Operational
Microsoft-Windows-DUI/Diagnostic
Microsoft-Windows-DUSER/Diagnostic
Microsoft-Windows-DXGI/Analytic
Microsoft-Windows-DXGI/Logging
Microsoft-Windows-DXP/Analytic
Microsoft-Windows-Data-Pdf/Debug
Microsoft-Windows-DataIntegrityScan/Admin
Microsoft-Windows-DataIntegrityScan/CrashRecovery
Microsoft-Windows-DateTimeControlPanel/Analytic
Microsoft-Windows-DateTimeControlPanel/Debug
Microsoft-Windows-DateTimeControlPanel/Operational
Microsoft-Windows-Deduplication/Diagnostic
Microsoft-Windows-Deduplication/Operational
Microsoft-Windows-Deduplication/Performance
Microsoft-Windows-Deduplication/Scrubbing
Microsoft-Windows-Defrag-Core/Debug
Microsoft-Windows-Deplorch/Analytic
Microsoft-Windows-DesktopActivityModerator/Diagnostic
Microsoft-Windows-DesktopWindowManager-Diag/Diagnostic
Microsoft-Windows-DeviceAssociationService/Performance
Microsoft-Windows-DeviceConfidence/Analytic
Microsoft-Windows-DeviceGuard/Operational
Microsoft-Windows-DeviceGuard/Verbose
Microsoft-Windows-DeviceManagement-Enterprise-Diagnostics-Provider/Admin
Microsoft-Windows-DeviceManagement-Enterprise-Diagnostics-Provider/Debug
Microsoft-Windows-DeviceManagement-Enterprise-Diagnostics-Provider/Operational
Microsoft-Windows-DeviceSetupManager/Admin
Microsoft-Windows-DeviceSetupManager/Analytic
Microsoft-Windows-DeviceSetupManager/Debug
Microsoft-Windows-DeviceSetupManager/Operational
Microsoft-Windows-DeviceSync/Analytic
Microsoft-Windows-DeviceSync/Operational
Microsoft-Windows-DeviceUpdateAgent/Operational
Microsoft-Windows-DeviceUx/Informational
Microsoft-Windows-DeviceUx/Performance
Microsoft-Windows-Devices-Background/Operational
Microsoft-Windows-Dhcp-Client/Admin
Microsoft-Windows-Dhcp-Client/Operational
Microsoft-Windows-Dhcpv6-Client/Admin
Microsoft-Windows-Dhcpv6-Client/Operational
Microsoft-Windows-DiagCpl/Debug
Microsoft-Windows-Diagnosis-AdvancedTaskManager/Analytic
Microsoft-Windows-Diagnosis-DPS/Analytic
Microsoft-Windows-Diagnosis-DPS/Debug
Microsoft-Windows-Diagnosis-DPS/Operational
Microsoft-Windows-Diagnosis-MSDE/Debug
Microsoft-Windows-Diagnosis-PCW/Analytic
Microsoft-Windows-Diagnosis-PCW/Debug
Microsoft-Windows-Diagnosis-PCW/Operational
Microsoft-Windows-Diagnosis-PLA/Debug
Microsoft-Windows-Diagnosis-PLA/Operational
Microsoft-Windows-Diagnosis-Perfhost/Analytic
Microsoft-Windows-Diagnosis-Scheduled/Operational
Microsoft-Windows-Diagnosis-Scripted/Admin
Microsoft-Windows-Diagnosis-Scripted/Analytic
Microsoft-Windows-Diagnosis-Scripted/Debug
Microsoft-Windows-Diagnosis-Scripted/Operational
Microsoft-Windows-Diagnosis-ScriptedDiagnosticsProvider/Debug
Microsoft-Windows-Diagnosis-ScriptedDiagnosticsProvider/Operational
Microsoft-Windows-Diagnosis-WDC/Analytic
Microsoft-Windows-Diagnosis-WDI/Debug
Microsoft-Windows-Diagnostics-Networking/Debug
Microsoft-Windows-Diagnostics-Networking/Operational
Microsoft-Windows-Diagnostics-PerfTrack-Counters/Diagnostic
Microsoft-Windows-Diagnostics-PerfTrack/Diagnostic
Microsoft-Windows-Diagnostics-Performance/Diagnostic
Microsoft-Windows-Diagnostics-Performance/Diagnostic/Loopback
Microsoft-Windows-Diagnostics-Performance/Operational
Microsoft-Windows-Direct3D10/Analytic
Microsoft-Windows-Direct3D10_1/Analytic
Microsoft-Windows-Direct3D11/Analytic
Microsoft-Windows-Direct3D11/Logging
Microsoft-Windows-Direct3D11/PerfTiming
Microsoft-Windows-Direct3D12/Analytic
Microsoft-Windows-Direct3D12/Logging
Microsoft-Windows-Direct3D12/PerfTiming
Microsoft-Windows-Direct3D9/Analytic
Microsoft-Windows-Direct3DShaderCache/Default
Microsoft-Windows-DirectComposition/Diagnostic
Microsoft-Windows-DirectManipulation/Diagnostic
Microsoft-Windows-DirectShow-KernelSupport/Performance
Microsoft-Windows-DirectSound/Debug
Microsoft-Windows-DirectoryServices-Deployment/Operational
Microsoft-Windows-Disk/Operational
Microsoft-Windows-DiskDiagnostic/Operational
Microsoft-Windows-DiskDiagnosticDataCollector/Operational
Microsoft-Windows-DiskDiagnosticResolver/Operational
Microsoft-Windows-Dism-Api/Analytic
Microsoft-Windows
PS C:\Windows\system32> TerminatingError(): "The pipeline has been stopped."
>> TerminatingError(): "The pipeline has been stopped."
PS C:\Windows\system32> del \*.log \a \s \q \f
>> TerminatingError(Remove-Item): "A positional parameter cannot be found that accepts argument '\a'."
Remove-Item : A positional parameter cannot be found that accepts argument '\a'.
At line:1 char:1
+ del \*.log \a \s \q \f
+ ~~~~~~~~~~~~~~~~~~~~~~
    + CategoryInfo          : InvalidArgument: (:) [Remove-Item], ParameterBindingException
    + FullyQualifiedErrorId : PositionalParameterNotFound,Microsoft.PowerShell.Commands.RemoveItemCommand
Remove-Item : A positional parameter cannot be found that accepts argument '\a'.
At line:1 char:1
+ del \*.log \a \s \q \f
+ ~~~~~~~~~~~~~~~~~~~~~~
    + CategoryInfo          : InvalidArgument: (:) [Remove-Item], ParameterBindingException
    + FullyQualifiedErrorId : PositionalParameterNotFound,Microsoft.PowerShell.Commands.RemoveItemCommand

PS C:\Windows\system32> del \*.log
PS C:\Windows\system32> wmic product get name /value


Name=Microsoft Update Health Tools


Name=Update for Windows 10 for x64-based Systems (KB5001716)
PS C:\Windows\system32> netsh wlan show profile
The Wireless AutoConfig Service (wlansvc) is not running.
